<html>
<body>
<pre>
<h1>µVision Build Log</h1>
<h2>Tool Versions:</h2>
IDE-Version: ¦ÌVision V5.25.2.0
Copyright (C) 2018 ARM Ltd and ARM Germany GmbH. All rights reserved.
License Information: li liyk, li, LIC=CZL2Z-JK1ZY-9UZ4U-SAROW-3PT1I-18Z55
 
Tool Versions:
Toolchain:       MDK-ARM Plus  Version: 5.25.2.0
Toolchain Path:  C:\Keil_v5\ARM\ARMCC\Bin
C Compiler:      Armcc.exe V5.06 update 6 (build 750)
Assembler:       Armasm.exe V5.06 update 6 (build 750)
Linker/Locator:  ArmLink.exe V5.06 update 6 (build 750)
Library Manager: ArmAr.exe V5.06 update 6 (build 750)
Hex Converter:   FromElf.exe V5.06 update 6 (build 750)
CPU DLL:         SARMCM3.DLL V5.25.2.0
Dialog DLL:      DCM.DLL V1.17.1.0
Target DLL:      STLink\ST-LINKIII-KEIL_SWO.dll V3.0.1.0
Dialog DLL:      TCM.DLL V1.35.1.0
 
<h2>Project:</h2>
D:\JHCOMN\testProject\ADC6CHF103\ADC6CH\MDK-ARM\ADC6CH.uvprojx
Project File Date:  08/06/2025

<h2>Output:</h2>
*** Using Compiler 'V5.06 update 6 (build 750)', folder: 'C:\Keil_v5\ARM\ARMCC\Bin'
Build target 'ADC6CH'
assembling startup_stm32f103xe.s...
compiling gpio.c...
compiling stm32f1xx_hal.c...
compiling stm32f1xx_hal_gpio_ex.c...
compiling stm32f1xx_hal_timebase_tim.c...
compiling stm32f1xx_hal_msp.c...
compiling dma.c...
compiling stm32f1xx_hal_tim_ex.c...
compiling usart.c...
compiling adc.c...
compiling stm32f1xx_it.c...
compiling freertos.c...
compiling stm32f1xx_hal_adc_ex.c...
compiling stm32f1xx_hal_adc.c...
compiling main.c...
compiling stm32f1xx_hal_tim.c...
compiling croutine.c...
compiling list.c...
compiling event_groups.c...
compiling timers.c...
compiling queue.c...
compiling stream_buffer.c...
compiling tasks.c...
compiling heap_4.c...
compiling stm32f1xx_hal_rcc_ex.c...
compiling port.c...
compiling stm32f1xx_hal_gpio.c...
compiling cmsis_os.c...
compiling stm32f1xx_hal_cortex.c...
compiling stm32f1xx_hal_dma.c...
compiling stm32f1xx_hal_flash.c...
compiling stm32f1xx_hal_pwr.c...
compiling stm32f1xx_hal_rcc.c...
compiling stm32f1xx_hal_flash_ex.c...
compiling stm32f1xx_hal_exti.c...
compiling system_stm32f1xx.c...
compiling ADDebug.c...
compiling stm32f1xx_hal_uart.c...
compiling adcx.c...
compiling usartx.c...
..\..\BSP\Src\usartx.c(715): warning:  #940-D: missing return statement at end of non-void function "UsartDeInit" 
  }
..\..\BSP\Src\usartx.c(756): warning:  #940-D: missing return statement at end of non-void function "UsartReceiveStart" 
  }
..\..\BSP\Src\usartx.c: 2 warnings, 0 errors
compiling retarget.c...
compiling DebugPlatform.c...
compiling StartADCTask.c...
..\..\Application\Task\StartADCTask.c(71): warning:  #177-D: variable "maxValue"  was declared but never referenced
  	int16_t index,cout,maxValue = -1000, minValue = 1000;
..\..\Application\Task\StartADCTask.c(71): warning:  #177-D: variable "minValue"  was declared but never referenced
  	int16_t index,cout,maxValue = -1000, minValue = 1000;
..\..\Application\Task\StartADCTask.c: 2 warnings, 0 errors
compiling DebugTask.c...
linking...
Program Size: Code=24432 RO-data=1096 RW-data=180 ZI-data=30308  
FromELF: creating hex file...
"ADC6CH\ADC6CH.axf" - 0 Error(s), 4 Warning(s).

<h2>Software Packages used:</h2>

Package Vendor: ARM
                http://www.keil.com/pack/ARM.CMSIS.5.3.0.pack
                ARM.CMSIS.5.3.0
                CMSIS (Cortex Microcontroller Software Interface Standard)
   * Component: CORE Version: 5.1.1

Package Vendor: Keil
                http://www.keil.com/pack/Keil.STM32F1xx_DFP.2.0.0.pack
                Keil.STM32F1xx_DFP.2.0.0
                STMicroelectronics STM32F1 Series Device Support, Drivers and Examples

<h2>Collection of Component include folders:</h2>
  .\RTE\_ADC6CH
  C:\Keil_v5\ARM\PACK\ARM\CMSIS\5.3.0\CMSIS\Include
  C:\Keil_v5\ARM\PACK\Keil\STM32F1xx_DFP\2.0.0\Device\Include

<h2>Collection of Component Files used:</h2>

   * Component: ARM::CMSIS:CORE:5.1.1
Build Time Elapsed:  00:00:04
</pre>
</body>
</html>
